\BOOKMARK [0][-]{chapter.3}{\376\377\000I\000n\000t\000r\000o\000d\000u\000c\000t\000i\000o\000n}{}% 1
\BOOKMARK [0][-]{chapter.4}{\376\377\000M\000a\000t\000e\000r\000i\000a\000l\000\040\000a\000n\000d\000\040\000m\000e\000t\000h\000o\000d\000s}{}% 2
\BOOKMARK [1][-]{section.5}{\376\377\000S\000t\000u\000d\000y\000\040\000a\000r\000e\000a}{chapter.4}% 3
\BOOKMARK [1][-]{section.6}{\376\377\000D\000a\000t\000a\000\040\000S\000o\000u\000r\000c\000e}{chapter.4}% 4
\BOOKMARK [2][-]{subsection.7}{\376\377\000I\000n\000-\000S\000i\000t\000u\000\040\000d\000a\000t\000a}{section.6}% 5
\BOOKMARK [2][-]{subsection.8}{\376\377\000H\000y\000p\000e\000r\000s\000p\000e\000c\000t\000r\000a\000l\000\040\000d\000a\000t\000a}{section.6}% 6
\BOOKMARK [1][-]{section.9}{\376\377\000D\000a\000t\000a\000\040\000w\000o\000r\000k\000f\000l\000o\000w}{chapter.4}% 7
\BOOKMARK [1][-]{section.11}{\376\377\000T\000e\000s\000t\000\040\000s\000i\000t\000e\000\040\000d\000e\000f\000i\000n\000i\000t\000i\000o\000n}{chapter.4}% 8
\BOOKMARK [1][-]{section.14}{\376\377\000I\000n\000-\000S\000i\000t\000u\000\040\000d\000a\000t\000a\000\040\000w\000o\000r\000k\000f\000l\000o\000w}{chapter.4}% 9
\BOOKMARK [1][-]{section.16}{\376\377\000H\000y\000p\000e\000r\000s\000p\000e\000c\000t\000r\000a\000l\000\040\000d\000a\000t\000a\000\040\000w\000o\000r\000k\000f\000l\000o\000w}{chapter.4}% 10
\BOOKMARK [2][-]{subsection.17}{\376\377\000I\000m\000a\000g\000e\000\040\000p\000r\000e\000-\000p\000r\000o\000c\000e\000s\000s\000i\000n\000g}{section.16}% 11
\BOOKMARK [2][-]{subsection.19}{\376\377\000P\000C\000A}{section.16}% 12
\BOOKMARK [2][-]{subsection.20}{\376\377\000P\000C\000\040\000s\000e\000l\000e\000c\000t\000i\000o\000n}{section.16}% 13
\BOOKMARK [2][-]{subsection.21}{\376\377\000C\000l\000u\000s\000t\000e\000r\000\040\000a\000n\000a\000l\000y\000s\000i\000s}{section.16}% 14
\BOOKMARK [2][-]{subsection.22}{\376\377\000S\000p\000e\000c\000t\000r\000a\000l\000\040\000S\000p\000e\000c\000i\000e\000s\000\040\000a\000n\000d\000\040\000D\000i\000v\000e\000r\000s\000i\000t\000y\000\040\000I\000n\000d\000i\000c\000e\000s}{section.16}% 15
\BOOKMARK [1][-]{section.23}{\376\377\000D\000a\000t\000a\000\040\000a\000n\000a\000l\000y\000s\000i\000s}{chapter.4}% 16
\BOOKMARK [2][-]{subsection.25}{\376\377\000C\000o\000r\000r\000e\000l\000a\000t\000i\000o\000n\000\040\000a\000n\000a\000l\000y\000s\000i\000s}{section.23}% 17
\BOOKMARK [2][-]{subsection.26}{\376\377\000R\000e\000g\000r\000e\000s\000s\000i\000o\000n\000\040\000a\000n\000a\000l\000y\000s\000i\000s}{section.23}% 18
\BOOKMARK [2][-]{subsection.27}{\376\377\000S\000p\000e\000c\000t\000r\000a\000l\000\040\000c\000u\000r\000v\000e\000\040\000a\000n\000a\000l\000y\000s\000i\000s}{section.23}% 19
\BOOKMARK [2][-]{subsection.28}{\376\377\000S\000p\000a\000t\000i\000a\000l\000\040\000a\000u\000t\000o\000c\000o\000r\000r\000e\000l\000a\000t\000i\000o\000n}{section.23}% 20
\BOOKMARK [0][-]{chapter.29}{\376\377\000R\000e\000s\000u\000l\000t\000s}{}% 21
\BOOKMARK [1][-]{section.30}{\376\377\000P\000l\000a\000n\000t\000\040\000s\000p\000e\000c\000i\000e\000s\000\040\000-\000\040\000s\000p\000e\000c\000t\000r\000a\000l\000\040\000s\000p\000e\000c\000i\000e\000s}{chapter.29}% 22
\BOOKMARK [2][-]{subsection.31}{\376\377\000R\000e\000s\000u\000l\000t\000s\000\040\000o\000v\000e\000r\000\040\000a\000l\000l\000\040\000t\000e\000s\000t\000\040\000s\000i\000t\000e\000s}{section.30}% 23
\BOOKMARK [2][-]{subsection.34}{\376\377\000R\000e\000s\000u\000l\000t\000s\000\040\000f\000o\000r\000\040\000G\000r\000o\000u\000p\000\040\000C\000/\000D}{section.30}% 24
\BOOKMARK [2][-]{subsection.37}{\376\377\000R\000e\000s\000u\000l\000t\000s\000\040\000f\000o\000r\000\040\000G\000r\000o\000u\000p\000\040\000E}{section.30}% 25
\BOOKMARK [1][-]{section.40}{\376\377\000P\000l\000a\000n\000t\000\040\000c\000o\000m\000m\000u\000n\000i\000t\000i\000e\000s\000\040\000-\000\040\000s\000p\000e\000c\000t\000r\000a\000l\000\040\000s\000p\000e\000c\000i\000e\000s}{chapter.29}% 26
\BOOKMARK [2][-]{subsection.41}{\376\377\000R\000e\000s\000u\000l\000t\000s\000\040\000o\000v\000e\000r\000\040\000a\000l\000l\000\040\000t\000e\000s\000t\000\040\000s\000i\000t\000e\000s}{section.40}% 27
\BOOKMARK [2][-]{subsection.44}{\376\377\000R\000e\000s\000u\000l\000t\000s\000\040\000f\000o\000r\000\040\000G\000r\000o\000u\000p\000\040\000C\000/\000D}{section.40}% 28
\BOOKMARK [2][-]{subsection.47}{\376\377\000R\000e\000s\000u\000l\000t\000s\000\040\000f\000o\000r\000\040\000G\000r\000o\000u\000p\000\040\000E}{section.40}% 29
\BOOKMARK [1][-]{section.50}{\376\377\000H\000a\000b\000i\000t\000a\000t\000\040\000t\000y\000p\000e\000s\000\040\000-\000\040\000s\000p\000e\000c\000t\000r\000a\000l\000\040\000s\000p\000e\000c\000i\000e\000s}{chapter.29}% 30
\BOOKMARK [2][-]{subsection.51}{\376\377\000R\000e\000s\000u\000l\000t\000s\000\040\000o\000v\000e\000r\000\040\000a\000l\000l\000\040\000t\000e\000s\000t\000\040\000s\000i\000t\000e\000s}{section.50}% 31
\BOOKMARK [2][-]{subsection.54}{\376\377\000R\000e\000s\000u\000l\000t\000s\000\040\000f\000o\000r\000\040\000G\000r\000o\000u\000p\000\040\000C\000/\000D}{section.50}% 32
\BOOKMARK [2][-]{subsection.57}{\376\377\000R\000e\000s\000u\000l\000t\000s\000\040\000f\000o\000r\000\040\000G\000r\000o\000u\000p\000\040\000E}{section.50}% 33
\BOOKMARK [1][-]{section.60}{\376\377\000P\000l\000o\000t\000\040\000l\000o\000c\000a\000t\000i\000o\000n\000\040\000s\000p\000e\000c\000t\000r\000a\000l\000\040\000c\000u\000r\000v\000e\000s}{chapter.29}% 34
\BOOKMARK [2][-]{subsection.61}{\376\377\000A\000N\000\137\000T\000J\000\137\0001}{section.60}% 35
\BOOKMARK [2][-]{subsection.64}{\376\377\000A\000N\000\137\000T\000J\000\137\0002}{section.60}% 36
\BOOKMARK [2][-]{subsection.67}{\376\377\000A\000T\000Q\000\137\000V\000K\000\137\0001}{section.60}% 37
\BOOKMARK [2][-]{subsection.70}{\376\377\000B\000R\000W\000\137\000P\000W\000\137\0001}{section.60}% 38
\BOOKMARK [2][-]{subsection.73}{\376\377\000B\000R\000W\000\137\000V\000S\000\137\0001}{section.60}% 39
\BOOKMARK [2][-]{subsection.76}{\376\377\000F\000L\000X\000T\000W\000R\000Z\000O\000N\000A\000\137\000S\000D\000\137\0001}{section.60}% 40
\BOOKMARK [2][-]{subsection.79}{\376\377\000F\000L\000X\000T\000W\000R\000Z\000O\000N\000A\000\137\000S\000D\000\137\0002}{section.60}% 41
\BOOKMARK [2][-]{subsection.82}{\376\377\000F\000L\000X\000T\000W\000R\000Z\000O\000N\000A\000\137\000S\000D\000\137\0003}{section.60}% 42
\BOOKMARK [2][-]{subsection.85}{\376\377\000F\000L\000X\000T\000W\000R\000Z\000O\000N\000A\000\137\000S\000D\000\137\0004}{section.60}% 43
\BOOKMARK [2][-]{subsection.88}{\376\377\000F\000R\000S\000T\000\137\000A\000K\000\137\0002}{section.60}% 44
\BOOKMARK [2][-]{subsection.91}{\376\377\000F\000R\000S\000T\000\137\000A\000K\000\137\0003}{section.60}% 45
\BOOKMARK [2][-]{subsection.94}{\376\377\000P\000R\000U\000A\000I\000R\000\137\000D\000W\000\137\0001}{section.60}% 46
\BOOKMARK [2][-]{subsection.97}{\376\377\000P\000R\000U\000A\000R\000C\000\137\000D\000W\000\137\0001}{section.60}% 47
\BOOKMARK [2][-]{subsection.100}{\376\377\000C\000o\000m\000b\000i\000n\000e\000d\000\040\000t\000e\000s\000t\000\040\000s\000i\000t\000e\000s}{section.60}% 48
\BOOKMARK [0][-]{appendix.102}{\376\377\000L\000i\000n\000e\000a\000r\000\040\000R\000e\000g\000r\000e\000s\000s\000i\000o\000n\000\040\000M\000o\000d\000e\000l\000s}{}% 49
\BOOKMARK [1][-]{section.103}{\376\377\000P\000l\000a\000n\000t\000\040\000s\000p\000e\000c\000i\000e\000s\000\040\000-\000\040\000s\000p\000e\000c\000t\000r\000a\000l\000\040\000s\000p\000e\000c\000i\000e\000s}{appendix.102}% 50
\BOOKMARK [2][-]{subsection.104}{\376\377\000R\000e\000s\000u\000l\000t\000s\000\040\000o\000v\000e\000r\000\040\000a\000l\000l\000\040\000t\000e\000s\000t\000\040\000s\000i\000t\000e\000s}{section.103}% 51
\BOOKMARK [2][-]{subsection.107}{\376\377\000R\000e\000s\000u\000l\000t\000s\000\040\000f\000o\000r\000\040\000G\000r\000o\000u\000p\000\040\000C\000/\000D}{section.103}% 52
\BOOKMARK [2][-]{subsection.110}{\376\377\000R\000e\000s\000u\000l\000t\000s\000\040\000f\000o\000r\000\040\000G\000r\000o\000u\000p\000\040\000E}{section.103}% 53
\BOOKMARK [1][-]{section.113}{\376\377\000P\000l\000a\000n\000t\000\040\000c\000o\000m\000m\000u\000n\000i\000t\000i\000e\000s\000\040\000-\000\040\000s\000p\000e\000c\000t\000r\000a\000l\000\040\000s\000p\000e\000c\000i\000e\000s}{appendix.102}% 54
\BOOKMARK [2][-]{subsection.114}{\376\377\000R\000e\000s\000u\000l\000t\000s\000\040\000o\000v\000e\000r\000\040\000a\000l\000l\000\040\000t\000e\000s\000t\000\040\000s\000i\000t\000e\000s}{section.113}% 55
\BOOKMARK [2][-]{subsection.117}{\376\377\000R\000e\000s\000u\000l\000t\000s\000\040\000f\000o\000r\000\040\000G\000r\000o\000u\000p\000\040\000C\000/\000D}{section.113}% 56
\BOOKMARK [2][-]{subsection.120}{\376\377\000R\000e\000s\000u\000l\000t\000s\000\040\000f\000o\000r\000\040\000G\000r\000o\000u\000p\000\040\000E}{section.113}% 57
\BOOKMARK [1][-]{section.123}{\376\377\000H\000a\000b\000i\000t\000a\000t\000\040\000t\000y\000p\000e\000s\000\040\000-\000\040\000s\000p\000e\000c\000t\000r\000a\000l\000\040\000s\000p\000e\000c\000i\000e\000s}{appendix.102}% 58
\BOOKMARK [2][-]{subsection.126}{\376\377\000R\000e\000s\000u\000l\000t\000s\000\040\000f\000o\000r\000\040\000G\000r\000o\000u\000p\000\040\000C\000/\000D}{section.123}% 59
\BOOKMARK [2][-]{subsection.129}{\376\377\000R\000e\000s\000u\000l\000t\000s\000\040\000f\000o\000r\000\040\000G\000r\000o\000u\000p\000\040\000E}{section.123}% 60
\BOOKMARK [0][-]{appendix.132}{\376\377\000P\000l\000a\000n\000t\000\040\000C\000o\000m\000m\000u\000n\000i\000t\000y\000\040\000C\000l\000u\000s\000t\000e\000r\000i\000n\000g}{}% 61
\BOOKMARK [1][-]{section.133}{\376\377\000H\000D\000B\000S\000C\000A\000N\000\040\000c\000l\000u\000s\000t\000e\000r\000\040\000p\000l\000o\000t\000s}{appendix.132}% 62
\BOOKMARK [2][-]{subsection.134}{\376\377\000A\000N\000\137\000T\000J\000\137\0001}{section.133}% 63
\BOOKMARK [2][-]{subsection.137}{\376\377\000A\000N\000\137\000T\000J\000\137\0002}{section.133}% 64
\BOOKMARK [2][-]{subsection.140}{\376\377\000A\000T\000Q\000\137\000V\000K\000\137\0001}{section.133}% 65
\BOOKMARK [2][-]{subsection.143}{\376\377\000B\000R\000W\000\137\000P\000W\000\137\0001}{section.133}% 66
\BOOKMARK [2][-]{subsection.146}{\376\377\000B\000R\000W\000\137\000V\000S\000\137\0001}{section.133}% 67
\BOOKMARK [2][-]{subsection.149}{\376\377\000F\000L\000X\000T\000W\000R\000Z\000O\000N\000A\000\137\000S\000D\000\137\0001}{section.133}% 68
\BOOKMARK [2][-]{subsection.152}{\376\377\000F\000L\000X\000T\000W\000R\000Z\000O\000N\000A\000\137\000S\000D\000\137\0002}{section.133}% 69
\BOOKMARK [2][-]{subsection.155}{\376\377\000F\000L\000X\000T\000W\000R\000Z\000O\000N\000A\000\137\000S\000D\000\137\0003}{section.133}% 70
\BOOKMARK [2][-]{subsection.158}{\376\377\000F\000L\000X\000T\000W\000R\000Z\000O\000N\000A\000\137\000S\000D\000\137\0004}{section.133}% 71
\BOOKMARK [2][-]{subsection.161}{\376\377\000F\000R\000S\000T\000\137\000A\000K\000\137\0002}{section.133}% 72
\BOOKMARK [2][-]{subsection.164}{\376\377\000F\000R\000S\000T\000\137\000A\000K\000\137\0003}{section.133}% 73
\BOOKMARK [2][-]{subsection.167}{\376\377\000P\000R\000U\000A\000I\000R\000\137\000D\000W\000\137\0001}{section.133}% 74
\BOOKMARK [2][-]{subsection.170}{\376\377\000P\000R\000U\000A\000R\000C\000\137\000D\000W\000\137\0001}{section.133}% 75
